
> @4pm/cli@0.0.0 pretypecheck /home/phonghc/projects/4PM/21-apps/31-cli
> node scripts/vendor-shared.mjs --write

=== vendor-trim report (ADR-0194) ===

@4pm/constants  (7/11 source files)
  include: billing.ts, error-codes.ts, machine.ts, project.ts, quota.ts, roles.ts, ws.ts
  EXCLUDE: auth.ts, jobs.ts, permissions.ts, preferences.ts

@4pm/dto  (8/23 source files)
  include: base.ts, command.ts, machine.ts, meta.ts, org.ts, project.ts, template.ts, user.ts
  EXCLUDE: activity.ts, auth.ts, billing.ts, community.ts, help.ts, home.ts, invitation.ts, knowledge.ts, market.ts, notification.ts, permission.ts, quota.ts, search.ts, support.ts, team.ts

@4pm/validation  (1/1 source files)
  include: schemas.ts
  EXCLUDE: (none)

@4pm/utils  (1/3 source files)
  include: helpers.ts
  EXCLUDE: license.ts, require-secret.ts

@4pm/ws  (6/6 source files)
  include: batcher.ts, channels/index.ts, crypto.ts, messages/envelope.ts, messages/knowledge-compose.ts, messages/support-answer.ts
  EXCLUDE: (none)

external npm deps (declare in the standalone package.json): zod

✔ trim excludes server-only files — 23 files vendored.

Wrote 23 files → 21-apps/31-cli/vendor/

> @4pm/cli@0.0.0 typecheck /home/phonghc/projects/4PM/21-apps/31-cli
> tsc --noEmit

