
> @4pm/cli@0.0.0 prebuild /home/phonghc/projects/4PM/21-apps/31-cli
> node scripts/vendor-shared.mjs --write

=== vendor-trim report (ADR-0194) ===

@4pm/constants  (8/12 source files)
  include: billing.ts, error-codes.ts, machine.ts, project.ts, quota.ts, roles.ts, worker-tools.ts, ws.ts
  EXCLUDE: auth.ts, jobs.ts, permissions.ts, preferences.ts

@4pm/dto  (8/23 source files)
  include: base.ts, command.ts, machine.ts, meta.ts, org.ts, project.ts, template.ts, user.ts
  EXCLUDE: activity.ts, auth.ts, billing.ts, community.ts, help.ts, home.ts, invitation.ts, knowledge.ts, market.ts, notification.ts, permission.ts, quota.ts, search.ts, support.ts, team.ts

@4pm/validation  (1/1 source files)
  include: schemas.ts
  EXCLUDE: (none)

@4pm/utils  (1/3 source files)
  include: helpers.ts
  EXCLUDE: license.ts, require-secret.ts

@4pm/ws  (6/6 source files)
  include: batcher.ts, channels/index.ts, crypto.ts, messages/envelope.ts, messages/knowledge-compose.ts, messages/support-answer.ts
  EXCLUDE: (none)

external npm deps (declare in the standalone package.json): zod

✔ trim excludes server-only files — 24 files vendored.

Wrote 24 files → 21-apps/31-cli/vendor/

> @4pm/cli@0.0.0 build /home/phonghc/projects/4PM/21-apps/31-cli
> tsup

CLI Building entry: src/index.ts
CLI Using tsconfig: tsconfig.json
CLI tsup v8.5.1
CLI Using tsup config: /home/phonghc/projects/4PM/21-apps/31-cli/tsup.config.ts
CLI Target: node20
CLI Cleaning output folder
ESM Build start
ESM dist/index.js 1.76 MB
ESM ⚡️ Build success in 26991ms
